// Jest Snapshot v1, https://goo.gl/fbAQLP

exports[`Header Component renders as expected 1`] = `
<DocumentFragment>
  <header
    class="MuiPaper-root MuiAppBar-root MuiAppBar-positionFixed MuiAppBar-colorPrimary mui-fixed MuiPaper-elevation4"
  >
    <div
      class="MuiToolbar-root MuiToolbar-dense MuiToolbar-gutters"
    >
      <div
        class="MuiGrid-root MuiGrid-container MuiGrid-justify-xs-center"
      >
        <h5
          class="MuiTypography-root MuiTypography-h5 MuiTypography-colorInherit"
        >
          Appointment Booking
        </h5>
      </div>
    </div>
  </header>
</DocumentFragment>
`;
